[     147ms] [WARNING] Unrecognized feature: 'ambient-light-sensor'. @ http://localhost:8502/static/js/index.Drusyo5m.js:1
[     147ms] [WARNING] Unrecognized feature: 'battery'. @ http://localhost:8502/static/js/index.Drusyo5m.js:1
[     147ms] [WARNING] Unrecognized feature: 'document-domain'. @ http://localhost:8502/static/js/index.Drusyo5m.js:1
[     147ms] [WARNING] Unrecognized feature: 'layout-animations'. @ http://localhost:8502/static/js/index.Drusyo5m.js:1
[     147ms] [WARNING] Unrecognized feature: 'legacy-image-formats'. @ http://localhost:8502/static/js/index.Drusyo5m.js:1
[     147ms] [WARNING] Unrecognized feature: 'oversized-images'. @ http://localhost:8502/static/js/index.Drusyo5m.js:1
[     147ms] [WARNING] Unrecognized feature: 'vr'. @ http://localhost:8502/static/js/index.Drusyo5m.js:1
[     147ms] [WARNING] Unrecognized feature: 'wake-lock'. @ http://localhost:8502/static/js/index.Drusyo5m.js:1
[     194ms] [WARNING] An iframe which has both allow-scripts and allow-same-origin for its sandbox attribute can escape its sandboxing. @ about:srcdoc:0
[   36313ms] [WARNING] WebSocket onclose @ http://localhost:8502/static/js/index.Drusyo5m.js:150
[   36320ms] [ERROR] Failed to load resource: net::ERR_CONNECTION_REFUSED @ http://localhost:8502/_stcore/health:0
[   36320ms] [ERROR] Failed to load resource: net::ERR_CONNECTION_REFUSED @ http://localhost:8502/_stcore/host-config:0
[   36422ms] [ERROR] Failed to load resource: net::ERR_CONNECTION_REFUSED @ http://localhost:8502/_stcore/health:0
[   36422ms] [ERROR] Failed to load resource: net::ERR_CONNECTION_REFUSED @ http://localhost:8502/_stcore/host-config:0
[   36623ms] [ERROR] Failed to load resource: net::ERR_CONNECTION_REFUSED @ http://localhost:8502/_stcore/health:0
[   36623ms] [ERROR] Failed to load resource: net::ERR_CONNECTION_REFUSED @ http://localhost:8502/_stcore/host-config:0
[   37040ms] [ERROR] Failed to load resource: net::ERR_CONNECTION_REFUSED @ http://localhost:8502/_stcore/health:0
[   37040ms] [ERROR] Failed to load resource: net::ERR_CONNECTION_REFUSED @ http://localhost:8502/_stcore/host-config:0
[   37729ms] [ERROR] Failed to load resource: net::ERR_CONNECTION_REFUSED @ http://localhost:8502/_stcore/health:0
[   37729ms] [ERROR] Failed to load resource: net::ERR_CONNECTION_REFUSED @ http://localhost:8502/_stcore/host-config:0
